// Jest Snapshot v1, https://goo.gl/fbAQLP

exports[`Test app component Check if component renders properly 1`] = `
<div>
  LOADING...
</div>
`;
