// Jest Snapshot v1, https://goo.gl/fbAQLP

exports[`Test global-styles component Check if global-styles renders properly 1`] = `<div />`;
