// Jest Snapshot v1, https://goo.gl/fbAQLP

exports[`Test app-provider component Check if app-provider renders properly 1`] = `<div />`;
